MPLINK 4.49, Linker
Linker Map File - Created Wed Oct 28 17:48:53 2020

                                 Section Info
                  Section       Type    Address   Location Size(Bytes)
                ---------  ---------  ---------  ---------  ---------
                   .org_0       code   0x000000    program   0x000000
                   .org_1       code   0x000000    program   0x000004
                   .org_2       code   0x000008    program   0x000002
                   .org_3       code   0x000018    program   0x0000e8



                              Program Memory Usage 
                               Start         End      
                           ---------   ---------      
                            0x000000    0x000003      
                            0x000008    0x000009      
                            0x000018    0x0000ff      
            238 out of 33048 program addresses used, program memory utilization is 0%



                              Symbols - Sorted by Name
                     Name    Address   Location    Storage File                     
                ---------  ---------  ---------  --------- ---------                
                   AGAIN1   0x00008a    program     static C:\Users\ADMIN\OneDrive\Documents\Assignment 4\quiz delay.asm
                   AGAIN2   0x00008e    program     static C:\Users\ADMIN\OneDrive\Documents\Assignment 4\quiz delay.asm
                 CLEARled   0x000040    program     static C:\Users\ADMIN\OneDrive\Documents\Assignment 4\quiz delay.asm
                    DELAY   0x000086    program     static C:\Users\ADMIN\OneDrive\Documents\Assignment 4\quiz delay.asm
                    SHOW5   0x000034    program     static C:\Users\ADMIN\OneDrive\Documents\Assignment 4\quiz delay.asm
                    SHOW6   0x00002e    program     static C:\Users\ADMIN\OneDrive\Documents\Assignment 4\quiz delay.asm
                    SHOW8   0x00003c    program     static C:\Users\ADMIN\OneDrive\Documents\Assignment 4\quiz delay.asm
                    SHOW9   0x000028    program     static C:\Users\ADMIN\OneDrive\Documents\Assignment 4\quiz delay.asm
                    SHOWD   0x00001a    program     static C:\Users\ADMIN\OneDrive\Documents\Assignment 4\quiz delay.asm
                    SHOWE   0x000020    program     static C:\Users\ADMIN\OneDrive\Documents\Assignment 4\quiz delay.asm
                    start   0x000044    program     static C:\Users\ADMIN\OneDrive\Documents\Assignment 4\quiz delay.asm



                              Symbols - Sorted by Address
                     Name    Address   Location    Storage File                     
                ---------  ---------  ---------  --------- ---------                
                    SHOWD   0x00001a    program     static C:\Users\ADMIN\OneDrive\Documents\Assignment 4\quiz delay.asm
                    SHOWE   0x000020    program     static C:\Users\ADMIN\OneDrive\Documents\Assignment 4\quiz delay.asm
                    SHOW9   0x000028    program     static C:\Users\ADMIN\OneDrive\Documents\Assignment 4\quiz delay.asm
                    SHOW6   0x00002e    program     static C:\Users\ADMIN\OneDrive\Documents\Assignment 4\quiz delay.asm
                    SHOW5   0x000034    program     static C:\Users\ADMIN\OneDrive\Documents\Assignment 4\quiz delay.asm
                    SHOW8   0x00003c    program     static C:\Users\ADMIN\OneDrive\Documents\Assignment 4\quiz delay.asm
                 CLEARled   0x000040    program     static C:\Users\ADMIN\OneDrive\Documents\Assignment 4\quiz delay.asm
                    start   0x000044    program     static C:\Users\ADMIN\OneDrive\Documents\Assignment 4\quiz delay.asm
                    DELAY   0x000086    program     static C:\Users\ADMIN\OneDrive\Documents\Assignment 4\quiz delay.asm
                   AGAIN1   0x00008a    program     static C:\Users\ADMIN\OneDrive\Documents\Assignment 4\quiz delay.asm
                   AGAIN2   0x00008e    program     static C:\Users\ADMIN\OneDrive\Documents\Assignment 4\quiz delay.asm


